[38;2;56;56;56m┌────────────────────────────────────────────────────────────────────────────┐[0m
[38;2;56;56;56m│[0m                                                                            [38;2;56;56;56m│[0m
[38;2;56;56;56m│[0m          [38;2;56;56;56m┌────┐[0m                                                            [38;2;56;56;56m│[0m
[38;2;56;56;56m│[0m  [1mNotice[0m  [38;2;56;56;56m│[0m [38;2;56;56;56mBA[0m [38;2;56;56;56m│[0m                                                            [38;2;56;56;56m│[0m
[38;2;56;56;56m│[0m          [38;2;56;56;56m└────┘[0m                                                            [38;2;56;56;56m│[0m
[38;2;56;56;56m│[0m                                                                            [38;2;56;56;56m│[0m
[38;2;56;56;56m│[0m  BART's schedule will change on Monday, August 24. Some train times are    [38;2;56;56;56m│[0m
[38;2;56;56;56m│[0m  adjusting by several minutes. Use the BART Trip Planner with a date of    [38;2;56;56;56m│[0m
[38;2;56;56;56m│[0m  August 24 or after to see if your trip has changed.                       [38;2;56;56;56m│[0m
[38;2;56;56;56m│[0m                                                                            [38;2;56;56;56m│[0m
[38;2;56;56;56m│[0m  [38;2;0;163;204mBA[0m                                                                        [38;2;56;56;56m│[0m
[38;2;56;56;56m│[0m                                                                            [38;2;56;56;56m│[0m
[38;2;56;56;56m└────────────────────────────────────────────────────────────────────────────┘[0m