[38;2;56;56;56m┌────────────────────────────────────────────────────────────────────────────┐[0m
[38;2;56;56;56m│[0m                                                                            [38;2;56;56;56m│[0m
[38;2;56;56;56m│[0m  [1mAlert[0m  [48;2;255;209;0m [0m[38;2;0;0;0;48;2;255;209;0mYL[0m[48;2;255;209;0m [0m  [48;2;0;177;64m [0m[38;2;255;255;255;48;2;0;177;64mGR[0m[48;2;0;177;64m [0m  [2mas of 22 Aug 26 9:00am[0m                                 [38;2;56;56;56m│[0m
[38;2;56;56;56m│[0m                                                                            [38;2;56;56;56m│[0m
[38;2;56;56;56m│[0m  Yellow Line trains are operating between Huntington and Mt Vernon Square  [38;2;56;56;56m│[0m
[38;2;56;56;56m│[0m  only as a result of a track problem outside College Park. Customers can   [38;2;56;56;56m│[0m
[38;2;56;56;56m│[0m  continue to Greenbelt by boarding a Green Line train.                     [38;2;56;56;56m│[0m
[38;2;56;56;56m│[0m                                                                            [38;2;56;56;56m│[0m
[38;2;56;56;56m│[0m  [38;2;0;163;204mMET[0m                                                                       [38;2;56;56;56m│[0m
[38;2;56;56;56m│[0m                                                                            [38;2;56;56;56m│[0m
[38;2;56;56;56m└────────────────────────────────────────────────────────────────────────────┘[0m