[38;2;56;56;56m┌──────────────────────────────────────────────────────────────────────────────────────────────────────────────────────────────────────────────────┐[0m
[38;2;56;56;56m│[0m                                                                                                                                                  [38;2;56;56;56m│[0m
[38;2;56;56;56m│[0m                      [38;2;56;56;56m┌──────┐[0m  [38;2;56;56;56m┌──────┐[0m  [38;2;56;56;56m┌──────┐[0m  [38;2;56;56;56m┌──────┐[0m  [38;2;56;56;56m┌──────┐[0m  [38;2;56;56;56m┌──────┐[0m  [38;2;56;56;56m┌──────┐[0m  [38;2;56;56;56m┌──────┐[0m  [38;2;56;56;56m┌──────┐[0m  [38;2;56;56;56m┌──────┐[0m                          [38;2;56;56;56m│[0m
[38;2;56;56;56m│[0m  [1mSignificant Delays[0m  [38;2;56;56;56m│[0m [38;2;56;56;56mEMBR[0m [38;2;56;56;56m│[0m  [38;2;56;56;56m│[0m [38;2;56;56;56mMONT[0m [38;2;56;56;56m│[0m  [38;2;56;56;56m│[0m [38;2;56;56;56mPOWL[0m [38;2;56;56;56m│[0m  [38;2;56;56;56m│[0m [38;2;56;56;56mCIVC[0m [38;2;56;56;56m│[0m  [38;2;56;56;56m│[0m [38;2;56;56;56m16TH[0m [38;2;56;56;56m│[0m  [38;2;56;56;56m│[0m [38;2;56;56;56m24TH[0m [38;2;56;56;56m│[0m  [38;2;56;56;56m│[0m [38;2;56;56;56mGLEN[0m [38;2;56;56;56m│[0m  [38;2;56;56;56m│[0m [38;2;56;56;56mBALB[0m [38;2;56;56;56m│[0m  [38;2;56;56;56m│[0m [38;2;56;56;56mDALY[0m [38;2;56;56;56m│[0m  [38;2;56;56;56m│[0m [38;2;56;56;56mCOLM[0m [38;2;56;56;56m│[0m  [2mas of 22 Aug 26 6:30am[0m  [38;2;56;56;56m│[0m
[38;2;56;56;56m│[0m                      [38;2;56;56;56m└──────┘[0m  [38;2;56;56;56m└──────┘[0m  [38;2;56;56;56m└──────┘[0m  [38;2;56;56;56m└──────┘[0m  [38;2;56;56;56m└──────┘[0m  [38;2;56;56;56m└──────┘[0m  [38;2;56;56;56m└──────┘[0m  [38;2;56;56;56m└──────┘[0m  [38;2;56;56;56m└──────┘[0m  [38;2;56;56;56m└──────┘[0m                          [38;2;56;56;56m│[0m
[38;2;56;56;56m│[0m                                                                                                                                                  [38;2;56;56;56m│[0m
[38;2;56;56;56m│[0m  Trains are single tracking between                                                                                                              [38;2;56;56;56m│[0m
[38;2;56;56;56m│[0m  Embarcadero and Colma while crews replace                                                                                                       [38;2;56;56;56m│[0m
[38;2;56;56;56m│[0m  rail. Expect delays of up to 20 minutes in                                                                                                      [38;2;56;56;56m│[0m
[38;2;56;56;56m│[0m  both directions. Free bus service runs                                                                                                          [38;2;56;56;56m│[0m
[38;2;56;56;56m│[0m  between Daly City and Colma.                                                                                                                    [38;2;56;56;56m│[0m
[38;2;56;56;56m│[0m                                                                                                                                                  [38;2;56;56;56m│[0m
[38;2;56;56;56m│[0m  22 Aug 26 12:00am - 24 Aug 26 4:00am                                                                                                            [38;2;56;56;56m│[0m
[38;2;56;56;56m│[0m                                                                                                                                                  [38;2;56;56;56m│[0m
[38;2;56;56;56m└──────────────────────────────────────────────────────────────────────────────────────────────────────────────────────────────────────────────────┘[0m